[dreamgf-ai.com/index.html]
[backblue.gif]
[fade.gif]
[index.html]
[dreamgf-ai.com/favicon.svg]
[dreamgf-ai.com/images/banner-model.webp]
[dreamgf-ai.com/images/dreamgf model blonde.webp]
[dreamgf-ai.com/fr/index.html]
[dreamgf-ai.com/images/dreamgf model brunette.webp]
[dreamgf-ai.com/es/index.html]
[dreamgf-ai.com/images/dreamgf model asian.webp]
[dreamgf-ai.com/it/index.html]
[dreamgf-ai.com/de/index.html]
[dreamgf-ai.com/images/dreamgf model latina.webp]
[dreamgf-ai.com/pt/index.html]
[dreamgf-ai.com/images/dreamgf model ebony.webp]
[dreamgf-ai.com/sv/index.html]
[dreamgf-ai.com/images/dreamgf model gamer.webp]
[dreamgf-ai.com/pl/index.html]
[dreamgf-ai.com/nl/index.html]
[dreamgf-ai.com/ro/index.html]
[dreamgf-ai.com/hr/index.html]
[dreamgf-ai.com/hu/index.html]
[dreamgf-ai.com/images/unlock-special.jpg]
[dreamgf-ai.com/privacy.html]
[dreamgf-ai.com/terms.html]
[dreamgf-ai.com/index.html]
[dreamgf-ai.com/favicon.svg]
[dreamgf-ai.com/affiliate-disclosure.html]
[dreamgf-ai.com/images/banner.webp]
[dreamgf-ai.com/images/model-blonde.webp]
[dreamgf-ai.com/images/model-brunette.webp]
[dreamgf-ai.com/images/model-asian.webp]
[dreamgf-ai.com/images/model-latina.webp]
[dreamgf-ai.com/images/model-ebony.webp]
[dreamgf-ai.com/images/model-gamer.webp]
[dreamgf-ai.com/fr/index.html]
[dreamgf-ai.com/es/index.html]
[dreamgf-ai.com/de/index.html]
[dreamgf-ai.com/it/index.html]
[dreamgf-ai.com/pt/index.html]
[dreamgf-ai.com/sv/index.html]
[dreamgf-ai.com/pl/index.html]
[dreamgf-ai.com/nl/index.html]
[dreamgf-ai.com/ro/index.html]
[dreamgf-ai.com/hr/index.html]
[dreamgf-ai.com/hu/index.html]
[dreamgf-ai.com/privacy.html]
[dreamgf-ai.com/terms.html]
[dreamgf-ai.com/affiliate-disclosure.html]
[dreamgf-ai.com/en/index.html]
